- '<comment>[FAIL]</comment> Code coverage is 89.8765% (required minimum is 99%).'
