- '<error>[ERROR]</error> Invalid input file provided.'
